// Vitest Snapshot v1

exports[`Link changes the class when hovered 1`] = `
<div
  className=" flex justify-between   "
  id="-filter-top-"
>
  <span>
     
  </span>
  <button
    className="base-button block"
  >
    <a
      onClick={[Function]}
    >
      Start 
      7
       Minute Timer
    </a>
  </button>
  <span>
     
  </span>
</div>
`;

exports[`Link changes the class when hovered 2`] = `
<div
  className=" flex justify-between   "
  id="-filter-top-"
>
  <span>
     
  </span>
  <button
    className="base-button block"
  >
    <a
      onClick={[Function]}
    >
      Start 
      7
       Minute Timer
    </a>
  </button>
  <span>
     
  </span>
</div>
`;
